Status: UNREACHABLE
Description: "attempt to divide by zero"
Status: SUCCESS
Description: "attempt to divide by zero"
Status: UNREACHABLE
Description: "attempt to calculate the remainder with a divisor of zero"
Status: SUCCESS
Description: "attempt to calculate the remainder with a divisor of zero"
Status: SUCCESS
Description: "unreachable code"
Status: SUCCESS
Description: "attempt to divide by zero"
Status: SUCCESS
Description: "attempt to divide by zero"
Status: SUCCESS
Description: "attempt to calculate the remainder with a divisor of zero"
Status: SUCCESS
Description: "attempt to calculate the remainder with a divisor of zero"
Status: SUCCESS
Description: "attempt to multiply with overflow"
Status: UNREACHABLE
Description: "attempt to shift left with overflow"
Status: SUCCESS
Description: "attempt to divide by zero"
Status: SUCCESS
Description: "attempt to divide by zero"
Status: SUCCESS
Description: "attempt to calculate the remainder with a divisor of zero"
Status: SUCCESS
Description: "attempt to calculate the remainder with a divisor of zero"
Status: SATISFIED
Description: "Zero Duration"
Status: SATISFIED
Description: "MAX Duration"
Status: SATISFIED
Description: "Max Secs"
Status: SATISFIED
Description: "Max millis"
Status: SATISFIED
Description: "Max micros"
Status: SATISFIED
Description: "Max nanos"
Status: SUCCESS
Description: "This is a placeholder message; Kani doesn't support message formatted at runtime"
Status: SUCCESS
Description: "attempt to divide by zero"
Status: SUCCESS
Description: "attempt to divide by zero"
Status: SUCCESS
Description: "attempt to calculate the remainder with a divisor of zero"
Status: SUCCESS
Description: "attempt to calculate the remainder with a divisor of zero"
Status: SUCCESS
Description: "attempt to multiply with overflow"
Status: SUCCESS
Description: "unreachable code"
Status: SUCCESS
Description: "This is a placeholder message; Kani doesn't support message formatted at runtime"
Status: SUCCESS
Description: "This is a placeholder message; Kani doesn't support message formatted at runtime"
Status: SUCCESS
Description: "attempt to compute `unchecked_add` which would overflow"
Status: SUCCESS
Description: "dereference failure: pointer NULL"
Status: SUCCESS
Description: "dereference failure: pointer invalid"
Status: SUCCESS
Description: "dereference failure: deallocated dynamic object"
Status: SUCCESS
Description: "dereference failure: dead object"
Status: SUCCESS
Description: "dereference failure: pointer outside object bounds"
Status: SUCCESS
Description: "dereference failure: invalid integer address"
Status: SUCCESS
Description: "dereference failure: pointer NULL"
Status: SUCCESS
Description: "dereference failure: pointer invalid"
Status: SUCCESS
Description: "dereference failure: deallocated dynamic object"
Status: SUCCESS
Description: "dereference failure: dead object"
Status: SUCCESS
Description: "dereference failure: pointer outside object bounds"
Status: SUCCESS
Description: "dereference failure: invalid integer address"
Status: SUCCESS
Description: "dereference failure: dead object"
Status: SUCCESS
Description: "dereference failure: pointer NULL"
Status: SUCCESS
Description: "dereference failure: pointer invalid"
Status: SUCCESS
Description: "dereference failure: deallocated dynamic object"
Status: SUCCESS
Description: "dereference failure: dead object"
Status: SUCCESS
Description: "dereference failure: pointer outside object bounds"
Status: SUCCESS
Description: "dereference failure: invalid integer address"
Status: SUCCESS
Description: "dereference failure: pointer NULL"
Status: SUCCESS
Description: "dereference failure: pointer invalid"
Status: SUCCESS
Description: "dereference failure: deallocated dynamic object"
Status: SUCCESS
Description: "dereference failure: dead object"
Status: SUCCESS
Description: "dereference failure: pointer outside object bounds"
Status: SUCCESS
Description: "dereference failure: invalid integer address"
Status: SUCCESS
Description: "dereference failure: pointer NULL"
Status: SUCCESS
Description: "dereference failure: pointer invalid"
Status: SUCCESS
Description: "dereference failure: deallocated dynamic object"
Status: SUCCESS
Description: "dereference failure: dead object"
Status: SUCCESS
Description: "dereference failure: pointer outside object bounds"
Status: SUCCESS
Description: "dereference failure: invalid integer address"
Status: SUCCESS
Description: "dereference failure: pointer NULL"
Status: SUCCESS
Description: "dereference failure: pointer invalid"
Status: SUCCESS
Description: "dereference failure: deallocated dynamic object"
Status: SUCCESS
Description: "dereference failure: dead object"
Status: SUCCESS
Description: "dereference failure: pointer outside object bounds"
Status: SUCCESS
Description: "dereference failure: invalid integer address"
Status: SUCCESS
Description: "dereference failure: pointer NULL"
Status: SUCCESS
Description: "dereference failure: pointer invalid"
Status: SUCCESS
Description: "dereference failure: deallocated dynamic object"
Status: SUCCESS
Description: "dereference failure: dead object"
Status: SUCCESS
Description: "dereference failure: pointer outside object bounds"
Status: SUCCESS
Description: "dereference failure: invalid integer address"
Status: SUCCESS
Description: "dereference failure: pointer NULL"
Status: SUCCESS
Description: "dereference failure: pointer invalid"
Status: SUCCESS
Description: "dereference failure: deallocated dynamic object"
Status: SUCCESS
Description: "dereference failure: dead object"
Status: SUCCESS
Description: "dereference failure: pointer outside object bounds"
Status: SUCCESS
Description: "dereference failure: invalid integer address"
VERIFICATION:- SUCCESSFUL
