Checking harness doc_examples::check_distance...
VERIFICATION:- SUCCESSFUL
Checking harness doc_examples::diff_from_usize...
VERIFICATION:- SUCCESSFUL
Checking harness doc_examples::usage_example...
VERIFICATION:- SUCCESSFUL
Checking harness doc_examples::pointer_may_be_same...
VERIFICATION:- SUCCESSFUL
Checking harness doc_examples::generator_large_enough...
VERIFICATION:- SUCCESSFUL
Checking harness doc_examples::same_capacity...
VERIFICATION:- SUCCESSFUL
Checking harness doc_examples::basic_inbounds...
VERIFICATION:- SUCCESSFUL
Manual Harness Summary:
Complete - 7 successfully verified harnesses, 0 failures, 7 total.
