Checking harness non_finite::check_neg_inf...
SAT checker inconsistent: instance is UNSATISFIABLE
Status: FAILURE
Description: "float_to_int_unchecked: attempt to convert a non-finite value to an integer"
Status: SUCCESS
Description: "float_to_int_unchecked: attempt to convert a value out of range of the target integer"
Failed Checks: float_to_int_unchecked: attempt to convert a non-finite value to an integer
VERIFICATION:- FAILED
Checking harness non_finite::check_inf...
SAT checker inconsistent: instance is UNSATISFIABLE
Status: FAILURE
Description: "float_to_int_unchecked: attempt to convert a non-finite value to an integer"
Status: SUCCESS
Description: "float_to_int_unchecked: attempt to convert a value out of range of the target integer"
Failed Checks: float_to_int_unchecked: attempt to convert a non-finite value to an integer
VERIFICATION:- FAILED
Checking harness non_finite::check_nan...
SAT checker inconsistent: instance is UNSATISFIABLE
Status: FAILURE
Description: "float_to_int_unchecked: attempt to convert a non-finite value to an integer"
Status: SUCCESS
Description: "float_to_int_unchecked: attempt to convert a value out of range of the target integer"
Failed Checks: float_to_int_unchecked: attempt to convert a non-finite value to an integer
VERIFICATION:- FAILED
