Status: SUCCESS
Description: "unreachable code"
Status: SUCCESS
Description: "OutOfBounds"
Status: SUCCESS
Description: "InBounds"
Status: SUCCESS
Description: "NullPtr"
Status: FAILURE
Description: "DeadObject"
Status: SATISFIED
Description: "Dangling"
Status: SUCCESS
Description: "Dangling write"
Status: SUCCESS
Description: "unreachable code"
Status: UNREACHABLE
Description: "attempt to subtract with overflow"
Status: UNREACHABLE
Description: "attempt to subtract with overflow"
Status: UNREACHABLE
Description: "attempt to subtract with overflow"
Status: SUCCESS
Description: "unreachable code"
Status: SUCCESS
Description: "unreachable code"
Status: FAILURE
Description: "Kani does not support reasoning about pointer to unallocated memory"
Status: SUCCESS
Description: "unreachable code"
Status: SUCCESS
Description: "attempt to subtract with overflow"
Status: SUCCESS
Description: "This is a placeholder message; Kani doesn't support message formatted at runtime"
Status: SUCCESS
Description: "`src` must be properly aligned"
Status: SUCCESS
Description: "`dst` must be properly aligned"
Status: SUCCESS
Description: "copy_nonoverlapping: attempt to compute number in bytes which would overflow"
Status: SUCCESS
Description: "call to foreign "Rust" function `_RNvCsczBbXdqWPzO_7___rustc17rust_begin_unwind` is not currently supported by Kani. Please post your example at https://github.com/model-checking/kani/issues/new/choose"
Status: UNREACHABLE
Description: "attempt to shift left with overflow"
Status: SUCCESS
Description: "unreachable code"
Status: SUCCESS
Description: "Offset value overflows isize"
Status: SUCCESS
Description: "internal error: entered unreachable code"
Status: SUCCESS
Description: "Offset in bytes overflows isize"
Status: SUCCESS
Description: "Offset result and original pointer must point to the same allocation"
Status: SUCCESS
Description: "unreachable code"
Status: SUCCESS
Description: "This is a placeholder message; Kani doesn't support message formatted at runtime"
Status: SUCCESS
Description: "attempt to subtract with overflow"
Status: UNREACHABLE
Description: "attempt to subtract with overflow"
Status: SUCCESS
Description: "This is a placeholder message; Kani doesn't support message formatted at runtime"
Status: SUCCESS
Description: "Kani does not support reasoning about pointer to unallocated memory"
Status: SUCCESS
Description: "caller_location is not currently supported by Kani. Please post your example at https://github.com/model-checking/kani/issues/374"
Status: SUCCESS
Description: "dereference failure: pointer NULL"
Status: SUCCESS
Description: "dereference failure: pointer invalid"
Status: SUCCESS
Description: "dereference failure: deallocated dynamic object"
Status: SUCCESS
Description: "dereference failure: dead object"
Status: SUCCESS
Description: "dereference failure: pointer outside object bounds"
Status: SUCCESS
Description: "dereference failure: invalid integer address"
Status: SUCCESS
Description: "dereference failure: pointer NULL"
Status: SUCCESS
Description: "dereference failure: pointer invalid"
Status: SUCCESS
Description: "dereference failure: deallocated dynamic object"
Status: SUCCESS
Description: "dereference failure: dead object"
Status: SUCCESS
Description: "dereference failure: pointer outside object bounds"
Status: SUCCESS
Description: "dereference failure: invalid integer address"
Status: SUCCESS
Description: "dereference failure: pointer NULL"
Status: SUCCESS
Description: "dereference failure: pointer invalid"
Status: SUCCESS
Description: "dereference failure: deallocated dynamic object"
Status: SUCCESS
Description: "dereference failure: dead object"
Status: SUCCESS
Description: "dereference failure: pointer outside object bounds"
Status: SUCCESS
Description: "dereference failure: invalid integer address"
Status: SUCCESS
Description: "dereference failure: pointer NULL"
Status: SUCCESS
Description: "dereference failure: pointer invalid"
Status: SUCCESS
Description: "dereference failure: deallocated dynamic object"
Status: SUCCESS
Description: "dereference failure: dead object"
Status: SUCCESS
Description: "dereference failure: pointer outside object bounds"
Status: SUCCESS
Description: "dereference failure: invalid integer address"
Status: SUCCESS
Description: "dereference failure: pointer NULL"
Status: SUCCESS
Description: "dereference failure: pointer invalid"
Status: SUCCESS
Description: "dereference failure: deallocated dynamic object"
Status: SUCCESS
Description: "dereference failure: dead object"
Status: SUCCESS
Description: "dereference failure: pointer outside object bounds"
Status: SUCCESS
Description: "dereference failure: invalid integer address"
Status: SUCCESS
Description: "dereference failure: pointer NULL"
Status: SUCCESS
Description: "dereference failure: pointer invalid"
Status: SUCCESS
Description: "dereference failure: deallocated dynamic object"
Status: SUCCESS
Description: "dereference failure: dead object"
Status: SUCCESS
Description: "dereference failure: pointer outside object bounds"
Status: SUCCESS
Description: "dereference failure: invalid integer address"
Status: SUCCESS
Description: "dereference failure: pointer NULL"
Status: SUCCESS
Description: "dereference failure: pointer invalid"
Status: SUCCESS
Description: "dereference failure: deallocated dynamic object"
Status: SUCCESS
Description: "dereference failure: dead object"
Status: SUCCESS
Description: "dereference failure: pointer outside object bounds"
Status: SUCCESS
Description: "dereference failure: invalid integer address"
Status: SUCCESS
Description: "dereference failure: pointer NULL"
Status: SUCCESS
Description: "dereference failure: pointer invalid"
Status: SUCCESS
Description: "dereference failure: deallocated dynamic object"
Status: SUCCESS
Description: "dereference failure: dead object"
Status: SUCCESS
Description: "dereference failure: pointer outside object bounds"
Status: SUCCESS
Description: "dereference failure: invalid integer address"
Status: SUCCESS
Description: "same object violation in (const char *)(void *)src >= (const char *)(void *)dst + (signed long int)(count * sizeof(unsigned char) /*1*/ )"
Status: SUCCESS
Description: "same object violation in (const char *)(void *)dst >= (const char *)(void *)src + (signed long int)(count * sizeof(unsigned char) /*1*/ )"
Status: SUCCESS
Description: "memcpy src/dst overlap"
Status: SUCCESS
Description: "memcpy source region readable"
Status: SUCCESS
Description: "memcpy destination region writeable"
Status: SUCCESS
Description: "dereference failure: pointer NULL"
Status: SUCCESS
Description: "dereference failure: pointer invalid"
Status: SUCCESS
Description: "dereference failure: deallocated dynamic object"
Status: SUCCESS
Description: "dereference failure: dead object"
Status: SUCCESS
Description: "dereference failure: pointer outside object bounds"
Status: SUCCESS
Description: "dereference failure: invalid integer address"
Status: SUCCESS
Description: "dereference failure: pointer NULL"
Status: SUCCESS
Description: "dereference failure: pointer invalid"
Status: SUCCESS
Description: "dereference failure: deallocated dynamic object"
Status: SUCCESS
Description: "dereference failure: dead object"
Status: SUCCESS
Description: "dereference failure: pointer outside object bounds"
Status: SUCCESS
Description: "dereference failure: invalid integer address"
Status: SUCCESS
Description: "dereference failure: pointer NULL"
Status: SUCCESS
Description: "dereference failure: pointer invalid"
Status: SUCCESS
Description: "dereference failure: deallocated dynamic object"
Status: SUCCESS
Description: "dereference failure: dead object"
Status: SUCCESS
Description: "dereference failure: pointer outside object bounds"
Status: SUCCESS
Description: "dereference failure: invalid integer address"
Status: SUCCESS
Description: "dereference failure: dead object"
Status: SUCCESS
Description: "dereference failure: pointer NULL"
Status: SUCCESS
Description: "dereference failure: pointer invalid"
Status: SUCCESS
Description: "dereference failure: deallocated dynamic object"
Status: SUCCESS
Description: "dereference failure: dead object"
Status: SUCCESS
Description: "dereference failure: pointer outside object bounds"
Status: SUCCESS
Description: "dereference failure: invalid integer address"
Status: SUCCESS
Description: "dereference failure: pointer NULL"
Status: SUCCESS
Description: "dereference failure: pointer invalid"
Status: SUCCESS
Description: "dereference failure: deallocated dynamic object"
Status: SUCCESS
Description: "dereference failure: dead object"
Status: SUCCESS
Description: "dereference failure: pointer outside object bounds"
Status: SUCCESS
Description: "dereference failure: invalid integer address"
Failed Checks: DeadObject
Failed Checks: Kani does not support reasoning about pointer to unallocated memory
VERIFICATION:- FAILED
