Checking harness hash::check_hashset...
Failed Checks: simd_splat is not currently supported by Kani. Please post your example at https://github.com/model-checking/kani/issues/new/choose
VERIFICATION:- FAILED
Checking harness hash::check_hashmap...
Failed Checks: simd_splat is not currently supported by Kani. Please post your example at https://github.com/model-checking/kani/issues/new/choose
VERIFICATION:- FAILED
