error: `&str` doesn't implement `function_stubbing_trait_mismatch::DoIt`. The function `function_stubbing_trait_mismatch::foo` cannot be stubbed by `function_stubbing_trait_mismatch::bar` due to generic bounds not being met. Callee: function_stubbing_trait_mismatch::DoIt::do_it
error: `&str` doesn't implement `std::cmp::PartialEq`. The function `function_stubbing_trait_mismatch::foo` cannot be stubbed by `function_stubbing_trait_mismatch::bar` due to generic bounds not being met. Callee: std::cmp::PartialEq::eq
error: could not compile `function-stubbing-trait-mismatch` (bin "function-stubbing-trait-mismatch") due to 2 previous errors; 2 warnings emitted
error: Failed to execute cargo (exit status: 101). Found 2 compilation errors.
