Checking harness constants::cast_to_invalid_offset...
SAT checker inconsistent: instance is UNSATISFIABLE
Status: SUCCESS
Description: "misaligned pointer dereference: address must be a multiple of its type's alignment"
Status: SUCCESS
Description: "null pointer dereference occurred"
Status: SUCCESS
Description: "Undefined Behavior: Invalid value of type `[char; 2]`"
Status: FAILURE
Description: "Undefined Behavior: Invalid value of type `[char; 2]`"
Status: SUCCESS
Description: "dereference failure: pointer NULL"
Status: SUCCESS
Description: "dereference failure: pointer invalid"
Status: SUCCESS
Description: "dereference failure: deallocated dynamic object"
Status: SUCCESS
Description: "dereference failure: dead object"
Status: SUCCESS
Description: "dereference failure: pointer outside object bounds"
Status: SUCCESS
Description: "dereference failure: invalid integer address"
Status: SUCCESS
Description: "dereference failure: pointer NULL"
Status: SUCCESS
Description: "dereference failure: pointer invalid"
Status: SUCCESS
Description: "dereference failure: deallocated dynamic object"
Status: SUCCESS
Description: "dereference failure: dead object"
Status: SUCCESS
Description: "dereference failure: pointer outside object bounds"
Status: SUCCESS
Description: "dereference failure: invalid integer address"
Status: SUCCESS
Description: "dereference failure: pointer NULL"
Status: SUCCESS
Description: "dereference failure: pointer invalid"
Status: SUCCESS
Description: "dereference failure: deallocated dynamic object"
Status: SUCCESS
Description: "dereference failure: dead object"
Status: SUCCESS
Description: "dereference failure: pointer outside object bounds"
Status: SUCCESS
Description: "dereference failure: invalid integer address"
Failed Checks: Undefined Behavior: Invalid value of type `[char; 2]`
VERIFICATION:- FAILED
Checking harness constants::cast_to_invalid_char...
SAT checker inconsistent: instance is UNSATISFIABLE
Status: SUCCESS
Description: "misaligned pointer dereference: address must be a multiple of its type's alignment"
Status: SUCCESS
Description: "null pointer dereference occurred"
Status: FAILURE
Description: "Undefined Behavior: Invalid value of type `char`"
Status: SUCCESS
Description: "dereference failure: pointer NULL"
Status: SUCCESS
Description: "dereference failure: pointer invalid"
Status: SUCCESS
Description: "dereference failure: deallocated dynamic object"
Status: SUCCESS
Description: "dereference failure: dead object"
Status: SUCCESS
Description: "dereference failure: pointer outside object bounds"
Status: SUCCESS
Description: "dereference failure: invalid integer address"
Status: SUCCESS
Description: "dereference failure: pointer NULL"
Status: SUCCESS
Description: "dereference failure: pointer invalid"
Status: SUCCESS
Description: "dereference failure: deallocated dynamic object"
Status: SUCCESS
Description: "dereference failure: dead object"
Status: SUCCESS
Description: "dereference failure: pointer outside object bounds"
Status: SUCCESS
Description: "dereference failure: invalid integer address"
Failed Checks: Undefined Behavior: Invalid value of type `char`
VERIFICATION:- FAILED
Checking harness constants::transmute_invalid_bool...
Status: FAILURE
Description: "Undefined Behavior: Invalid value of type `bool`"
Status: SUCCESS
Description: "dereference failure: dead object"
Status: SUCCESS
Description: "dereference failure: pointer outside object bounds"
Failed Checks: Undefined Behavior: Invalid value of type `bool`
VERIFICATION:- FAILED
Checking harness constants::cast_to_valid_offset...
SAT checker inconsistent: instance is UNSATISFIABLE
Status: SUCCESS
Description: "misaligned pointer dereference: address must be a multiple of its type's alignment"
Status: SUCCESS
Description: "null pointer dereference occurred"
Status: SUCCESS
Description: "Undefined Behavior: Invalid value of type `[char; 2]`"
Status: SUCCESS
Description: "Undefined Behavior: Invalid value of type `[char; 2]`"
Status: SUCCESS
Description: "dereference failure: pointer NULL"
Status: SUCCESS
Description: "dereference failure: pointer invalid"
Status: SUCCESS
Description: "dereference failure: deallocated dynamic object"
Status: SUCCESS
Description: "dereference failure: dead object"
Status: SUCCESS
Description: "dereference failure: pointer outside object bounds"
Status: SUCCESS
Description: "dereference failure: invalid integer address"
Status: SUCCESS
Description: "dereference failure: pointer NULL"
Status: SUCCESS
Description: "dereference failure: pointer invalid"
Status: SUCCESS
Description: "dereference failure: deallocated dynamic object"
Status: SUCCESS
Description: "dereference failure: dead object"
Status: SUCCESS
Description: "dereference failure: pointer outside object bounds"
Status: SUCCESS
Description: "dereference failure: invalid integer address"
Status: SUCCESS
Description: "dereference failure: pointer NULL"
Status: SUCCESS
Description: "dereference failure: pointer invalid"
Status: SUCCESS
Description: "dereference failure: deallocated dynamic object"
Status: SUCCESS
Description: "dereference failure: dead object"
Status: SUCCESS
Description: "dereference failure: pointer outside object bounds"
Status: SUCCESS
Description: "dereference failure: invalid integer address"
VERIFICATION:- SUCCESSFUL
Checking harness constants::cast_to_valid_char...
SAT checker inconsistent: instance is UNSATISFIABLE
Status: SUCCESS
Description: "misaligned pointer dereference: address must be a multiple of its type's alignment"
Status: SUCCESS
Description: "null pointer dereference occurred"
Status: SUCCESS
Description: "Undefined Behavior: Invalid value of type `char`"
Status: SUCCESS
Description: "dereference failure: pointer NULL"
Status: SUCCESS
Description: "dereference failure: pointer invalid"
Status: SUCCESS
Description: "dereference failure: deallocated dynamic object"
Status: SUCCESS
Description: "dereference failure: dead object"
Status: SUCCESS
Description: "dereference failure: pointer outside object bounds"
Status: SUCCESS
Description: "dereference failure: invalid integer address"
Status: SUCCESS
Description: "dereference failure: pointer NULL"
Status: SUCCESS
Description: "dereference failure: pointer invalid"
Status: SUCCESS
Description: "dereference failure: deallocated dynamic object"
Status: SUCCESS
Description: "dereference failure: dead object"
Status: SUCCESS
Description: "dereference failure: pointer outside object bounds"
Status: SUCCESS
Description: "dereference failure: invalid integer address"
VERIFICATION:- SUCCESSFUL
Checking harness constants::transmute_valid_bool...
Status: SUCCESS
Description: "Undefined Behavior: Invalid value of type `bool`"
Status: SUCCESS
Description: "dereference failure: dead object"
Status: SUCCESS
Description: "dereference failure: pointer outside object bounds"
VERIFICATION:- SUCCESSFUL
