Checking harness custom_niche::check_niche...
VERIFICATION:- SUCCESSFUL
Checking harness custom_niche::check_valid_increment...
VERIFICATION:- SUCCESSFUL
Checking harness custom_niche::check_invalid_increment...
Failed Checks: Undefined Behavior: Invalid value of type `Rating`
VERIFICATION:- FAILED
Checking harness custom_niche::check_copy_nonoverlap_ub...
Failed Checks: Kani currently doesn't support checking validity of `copy_nonoverlapping` for `*const Rating`
VERIFICATION:- FAILED
Checking harness custom_niche::check_copy_nonoverlap...
Failed Checks: Kani currently doesn't support checking validity of `copy_nonoverlapping` for `*const Rating`
VERIFICATION:- FAILED
Checking harness custom_niche::check_invalid_transmute_copy...
Failed Checks: Undefined Behavior: Invalid value of type `Rating`
VERIFICATION:- FAILED
Checking harness custom_niche::check_invalid_transmute...
Failed Checks: Undefined Behavior: Invalid value of type `Rating`
VERIFICATION:- FAILED
Checking harness custom_niche::check_invalid_dereference...
Failed Checks: Undefined Behavior: Invalid value of type `Rating`
VERIFICATION:- FAILED
Checking harness custom_niche::check_new_with_ub_limits...
Failed Checks: Undefined Behavior: Invalid value of type `Rating`
VERIFICATION:- FAILED
Checking harness custom_niche::check_unchecked_new_ub...
Failed Checks: Undefined Behavior: Invalid value of type `Rating`
VERIFICATION:- FAILED
Checking harness custom_niche::check_new_with_ub...
Failed Checks: Undefined Behavior: Invalid value of type `Rating`
VERIFICATION:- FAILED
