Checking harness non_null::check_valid_dangling...
VERIFICATION:- SUCCESSFUL
Checking harness non_null::check_invalid_value_cfg...
Failed Checks: Undefined Behavior: Invalid value of type `std::ptr::NonNull<u8>`
VERIFICATION:- FAILED
Checking harness non_null::check_invalid_value...
Failed Checks: Undefined Behavior: Invalid value of type `std::ptr::NonNull<u8>`
VERIFICATION:- FAILED
