Checking harness write_invalid::read_invalid_is_ub...
Failed Checks: Kani currently doesn't support checking validity of `transmute` for `std::option::Option<std::num::NonZero<u8>>`
VERIFICATION:- FAILED
Checking harness write_invalid::write_valid_before_read...
Failed Checks: Kani currently doesn't support checking validity of `transmute` for `std::option::Option<std::num::NonZero<u8>>`
VERIFICATION:- FAILED
Checking harness write_invalid::write_invalid_bytes_no_ub_with_spurious_cex...
Failed Checks: Kani currently doesn't support checking validity of `transmute` for `std::option::Option<std::num::NonZero<u8>>`
VERIFICATION:- FAILED
