Kani Rust Verifier 0.67.0 (cargo plugin)
warning: function `f_u8` is never used
 --> src/lib.rs:9:4
  |
9 | fn f_u8(x: u8) -> u8 {
  |    ^^^^
  |
  = note: `#[warn(dead_code)]` (part of `#[warn(unused)]`) on by default


Kani generated automatic harnesses for 3 function(s):
+------------------------+---------------------------------------------------+
| Crate                  | Selected Function                                 |
+============================================================================+
| cargo_autoharness_list | cargo_autoharness_list::f_u8                      |
|------------------------+---------------------------------------------------|
| cargo_autoharness_list | cargo_autoharness_list::has_recursion_gcd         |
|------------------------+---------------------------------------------------|
| cargo_autoharness_list | cargo_autoharness_list::verify::has_recursion_gcd |
+------------------------+---------------------------------------------------+

Skipped Functions: None. Kani generated automatic harnesses for all functions in the available crate(s).

Contracts:
+-------+------------------------+---------------------------------------------------+-----------------------------------------------------------------------------------------------------------------------------+
|       | Crate                  | Function                                          | Contract Harnesses (#[kani::proof_for_contract])                                                                            |
+==================================================================================================================================================================================================================+
|       | cargo_autoharness_list | cargo_autoharness_list::has_recursion_gcd         | cargo_autoharness_list::my_harness, cargo_autoharness_list::my_harness_2, kani::internal::automatic_harness                 |
|-------+------------------------+---------------------------------------------------+-----------------------------------------------------------------------------------------------------------------------------|
|       | cargo_autoharness_list | cargo_autoharness_list::verify::has_recursion_gcd | cargo_autoharness_list::verify::my_harness, cargo_autoharness_list::verify::my_harness_2, kani::internal::automatic_harness |
|-------+------------------------+---------------------------------------------------+-----------------------------------------------------------------------------------------------------------------------------|
| Total |                        | 2                                                 | 6                                                                                                                           |
+-------+------------------------+---------------------------------------------------+-----------------------------------------------------------------------------------------------------------------------------+

Standard Harnesses (#[kani::proof]):
+-------+------------------------+------------------------------+
|       | Crate                  | Harness                      |
+===============================================================+
|       | cargo_autoharness_list | cargo_autoharness_list::f_u8 |
|-------+------------------------+------------------------------|
| Total |                        | 1                            |
+-------+------------------------+------------------------------+
