Checking harness vec::check_reverse_is_its_own_inverse_should_fail...
Failed Checks: This is a placeholder message; Kani doesn't support message formatted at runtime
VERIFICATION:- FAILED
Checking harness vec::check_reverse_is_its_own_inverse_incomplete...
VERIFICATION:- SUCCESSFUL
Checking harness vec::check_reverse_is_its_own_inverse...
VERIFICATION:- SUCCESSFUL
