error: Target function in stub_verified, `no_contract`, has no contract.
   = note: this error originates in the attribute macro `kani::stub_verified` (in Nightly builds, run with -Z macro-backtrace for more info)
error: stub verified target `stub_verified_no_harness::target_function` does not have a corresponding `#[proof_for_contract]` harness
   = note: this error originates in the attribute macro `kani::stub_verified` (in Nightly builds, run with -Z macro-backtrace for more info)
error: stub verified target `stub_verified_no_harness::no_contract` does not have a corresponding `#[proof_for_contract]` harness
   = note: this error originates in the attribute macro `kani::stub_verified` (in Nightly builds, run with -Z macro-backtrace for more info)
error: aborting due to 3 previous errors
