Status: SUCCESS
Description: "Only a single top-level call to function _RNCNCNvMCsiI9JzjwwNNv_7successNtB6_1X3foos0_0s_0B6_ when checking contract _RNCNCNvMCsiI9JzjwwNNv_7successNtB6_1X3foos0_0s_0B6_"
Status: SUCCESS
Description: "Check that requires do not allocate or deallocate memory"
Status: SUCCESS
Description: "Check that ensures do not allocate or deallocate memory"
Status: SUCCESS
Description: "No recursive call to function _RNCNCNvMCsiI9JzjwwNNv_7successNtB6_1X3foos0_0s_0B6_ when checking contract _RNCNCNvMCsiI9JzjwwNNv_7successNtB6_1X3foos0_0s_0B6_"
Status: SUCCESS
Description: "unwinding assertion loop 0"
Status: SUCCESS
Description: "Check that ptr is freeable"
Status: SUCCESS
Description: "unreachable code"
Status: SUCCESS
Description: "unreachable code"
Status: SUCCESS
Description: "|res| *res == 0"
Status: SUCCESS
Description: "unreachable code"
Status: SUCCESS
Description: "count leading zeros is undefined for value zero"
Status: SUCCESS
Description: "count leading zeros is undefined for value zero"
Status: SUCCESS
Description: "count leading zeros is undefined for value zero"
Status: SUCCESS
Description: "dereference failure: pointer NULL"
Status: SUCCESS
Description: "dereference failure: pointer invalid"
Status: SUCCESS
Description: "dereference failure: deallocated dynamic object"
Status: SUCCESS
Description: "dereference failure: dead object"
Status: SUCCESS
Description: "dereference failure: pointer outside object bounds"
Status: SUCCESS
Description: "dereference failure: invalid integer address"
Status: SUCCESS
Description: "free argument must be NULL or valid pointer"
Status: SUCCESS
Description: "free argument must be dynamic object"
Status: SUCCESS
Description: "free argument has offset zero"
Status: SUCCESS
Description: "double free"
Status: SUCCESS
Description: "free called for new[] object"
Status: SUCCESS
Description: "free called for stack-allocated object"
Status: SUCCESS
Description: "dereference failure: pointer NULL"
Status: SUCCESS
Description: "dereference failure: pointer invalid"
Status: SUCCESS
Description: "dereference failure: deallocated dynamic object"
Status: SUCCESS
Description: "dereference failure: dead object"
Status: SUCCESS
Description: "dereference failure: pointer outside object bounds"
Status: SUCCESS
Description: "dereference failure: invalid integer address"
VERIFICATION:- SUCCESSFUL
Status: SUCCESS
Description: "unwinding assertion loop 0"
Status: SUCCESS
Description: "Check that ptr is freeable"
Status: SUCCESS
Description: "Only a single top-level call to function _RNCNCNvXs0_CsiI9JzjwwNNv_7successNtB9_1XNtB9_1B3bars0_0s_0B9_ when checking contract _RNCNCNvXs0_CsiI9JzjwwNNv_7successNtB9_1XNtB9_1B3bars0_0s_0B9_"
Status: SUCCESS
Description: "Check that requires do not allocate or deallocate memory"
Status: SUCCESS
Description: "Check that ensures do not allocate or deallocate memory"
Status: SUCCESS
Description: "No recursive call to function _RNCNCNvXs0_CsiI9JzjwwNNv_7successNtB9_1XNtB9_1B3bars0_0s_0B9_ when checking contract _RNCNCNvXs0_CsiI9JzjwwNNv_7successNtB9_1XNtB9_1B3bars0_0s_0B9_"
Status: SUCCESS
Description: "|res| *res == 300"
Status: SUCCESS
Description: "unreachable code"
Status: SUCCESS
Description: "unreachable code"
Status: SUCCESS
Description: "unreachable code"
Status: SUCCESS
Description: "dereference failure: pointer NULL"
Status: SUCCESS
Description: "dereference failure: pointer invalid"
Status: SUCCESS
Description: "dereference failure: deallocated dynamic object"
Status: SUCCESS
Description: "dereference failure: dead object"
Status: SUCCESS
Description: "dereference failure: pointer outside object bounds"
Status: SUCCESS
Description: "dereference failure: invalid integer address"
Status: SUCCESS
Description: "dereference failure: pointer NULL"
Status: SUCCESS
Description: "dereference failure: pointer invalid"
Status: SUCCESS
Description: "dereference failure: deallocated dynamic object"
Status: SUCCESS
Description: "dereference failure: dead object"
Status: SUCCESS
Description: "dereference failure: pointer outside object bounds"
Status: SUCCESS
Description: "dereference failure: invalid integer address"
Status: SUCCESS
Description: "count leading zeros is undefined for value zero"
Status: SUCCESS
Description: "count leading zeros is undefined for value zero"
Status: SUCCESS
Description: "count leading zeros is undefined for value zero"
Status: SUCCESS
Description: "free argument must be NULL or valid pointer"
Status: SUCCESS
Description: "free argument must be dynamic object"
Status: SUCCESS
Description: "free argument has offset zero"
Status: SUCCESS
Description: "double free"
Status: SUCCESS
Description: "free called for new[] object"
Status: SUCCESS
Description: "free called for stack-allocated object"
VERIFICATION:- SUCCESSFUL
Status: SUCCESS
Description: "unreachable code"
Status: SUCCESS
Description: "Check that ptr is freeable"
Status: SUCCESS
Description: "Only a single top-level call to function _RNCNCNvXs_CsiI9JzjwwNNv_7successNtB8_1XNtB8_1A3bars0_0s_0B8_ when checking contract _RNCNCNvXs_CsiI9JzjwwNNv_7successNtB8_1XNtB8_1A3bars0_0s_0B8_"
Status: SUCCESS
Description: "Check that requires do not allocate or deallocate memory"
Status: SUCCESS
Description: "Check that ensures do not allocate or deallocate memory"
Status: SUCCESS
Description: "No recursive call to function _RNCNCNvXs_CsiI9JzjwwNNv_7successNtB8_1XNtB8_1A3bars0_0s_0B8_ when checking contract _RNCNCNvXs_CsiI9JzjwwNNv_7successNtB8_1XNtB8_1A3bars0_0s_0B8_"
Status: SUCCESS
Description: "unwinding assertion loop 0"
Status: SUCCESS
Description: "unreachable code"
Status: SUCCESS
Description: "unreachable code"
Status: SUCCESS
Description: "|res| *res == 200"
Status: SUCCESS
Description: "dereference failure: pointer NULL"
Status: SUCCESS
Description: "dereference failure: pointer invalid"
Status: SUCCESS
Description: "dereference failure: deallocated dynamic object"
Status: SUCCESS
Description: "dereference failure: dead object"
Status: SUCCESS
Description: "dereference failure: pointer outside object bounds"
Status: SUCCESS
Description: "dereference failure: invalid integer address"
Status: SUCCESS
Description: "count leading zeros is undefined for value zero"
Status: SUCCESS
Description: "count leading zeros is undefined for value zero"
Status: SUCCESS
Description: "count leading zeros is undefined for value zero"
Status: SUCCESS
Description: "free argument must be NULL or valid pointer"
Status: SUCCESS
Description: "free argument must be dynamic object"
Status: SUCCESS
Description: "free argument has offset zero"
Status: SUCCESS
Description: "double free"
Status: SUCCESS
Description: "free called for new[] object"
Status: SUCCESS
Description: "free called for stack-allocated object"
Status: SUCCESS
Description: "dereference failure: pointer NULL"
Status: SUCCESS
Description: "dereference failure: pointer invalid"
Status: SUCCESS
Description: "dereference failure: deallocated dynamic object"
Status: SUCCESS
Description: "dereference failure: dead object"
Status: SUCCESS
Description: "dereference failure: pointer outside object bounds"
Status: SUCCESS
Description: "dereference failure: invalid integer address"
VERIFICATION:- SUCCESSFUL
Status: SUCCESS
Description: "unwinding assertion loop 0"
Status: SUCCESS
Description: "Check that ptr is freeable"
Status: SUCCESS
Description: "Only a single top-level call to function _RNCNCNvXs_CsiI9JzjwwNNv_7successNtB8_1XNtB8_1A3foos0_0s_0B8_ when checking contract _RNCNCNvXs_CsiI9JzjwwNNv_7successNtB8_1XNtB8_1A3foos0_0s_0B8_"
Status: SUCCESS
Description: "Check that requires do not allocate or deallocate memory"
Status: SUCCESS
Description: "Check that ensures do not allocate or deallocate memory"
Status: SUCCESS
Description: "No recursive call to function _RNCNCNvXs_CsiI9JzjwwNNv_7successNtB8_1XNtB8_1A3foos0_0s_0B8_ when checking contract _RNCNCNvXs_CsiI9JzjwwNNv_7successNtB8_1XNtB8_1A3foos0_0s_0B8_"
Status: SUCCESS
Description: "|res| *res == 100"
Status: SUCCESS
Description: "unreachable code"
Status: SUCCESS
Description: "unreachable code"
Status: SUCCESS
Description: "unreachable code"
Status: SUCCESS
Description: "dereference failure: pointer NULL"
Status: SUCCESS
Description: "dereference failure: pointer invalid"
Status: SUCCESS
Description: "dereference failure: deallocated dynamic object"
Status: SUCCESS
Description: "dereference failure: dead object"
Status: SUCCESS
Description: "dereference failure: pointer outside object bounds"
Status: SUCCESS
Description: "dereference failure: invalid integer address"
Status: SUCCESS
Description: "count leading zeros is undefined for value zero"
Status: SUCCESS
Description: "count leading zeros is undefined for value zero"
Status: SUCCESS
Description: "count leading zeros is undefined for value zero"
Status: SUCCESS
Description: "free argument must be NULL or valid pointer"
Status: SUCCESS
Description: "free argument must be dynamic object"
Status: SUCCESS
Description: "free argument has offset zero"
Status: SUCCESS
Description: "double free"
Status: SUCCESS
Description: "free called for new[] object"
Status: SUCCESS
Description: "free called for stack-allocated object"
Status: SUCCESS
Description: "dereference failure: pointer NULL"
Status: SUCCESS
Description: "dereference failure: pointer invalid"
Status: SUCCESS
Description: "dereference failure: deallocated dynamic object"
Status: SUCCESS
Description: "dereference failure: dead object"
Status: SUCCESS
Description: "dereference failure: pointer outside object bounds"
Status: SUCCESS
Description: "dereference failure: invalid integer address"
VERIFICATION:- SUCCESSFUL
