Checking harness valid_ptr::post_condition::harness...
Failed Checks: |result| kani::mem::can_dereference(result.0)
Failed Checks: Kani does not support reasoning about pointer to unallocated memory
VERIFICATION:- FAILED
Checking harness valid_ptr::pre_condition::harness_invalid_ptr...
Failed Checks: Kani does not support reasoning about pointer to unallocated memory
VERIFICATION:- FAILED
Checking harness valid_ptr::pre_condition::harness_stack_ptr...
VERIFICATION:- SUCCESSFUL
Checking harness valid_ptr::pre_condition::harness_head_ptr...
VERIFICATION:- SUCCESSFUL
