{
  "kani-version": "0.67.0",
  "file-version": "0.1",
  "standard-harnesses": {
    "src/standard_harnesses.rs": [
      "cargo_list::standard_harnesses::example::verify::check_modify",
      "cargo_list::standard_harnesses::example::verify::check_new"
    ]
  },
  "contract-harnesses": {
    "src/lib.rs": [
      "cargo_list::example::verify::check_bar",
      "cargo_list::example::verify::check_foo_u32",
      "cargo_list::example::verify::check_foo_u64",
      "cargo_list::example::verify::check_func"
    ]
  },
  "contracts": [
    {
      "function": "cargo_list::example::implementation::bar",
      "file": "src/lib.rs",
      "harnesses": [
        "cargo_list::example::verify::check_bar"
      ]
    },
    {
      "function": "cargo_list::example::implementation::foo",
      "file": "src/lib.rs",
      "harnesses": [
        "cargo_list::example::verify::check_foo_u32",
        "cargo_list::example::verify::check_foo_u64"
      ]
    },
    {
      "function": "cargo_list::example::implementation::func",
      "file": "src/lib.rs",
      "harnesses": [
        "cargo_list::example::verify::check_func"
      ]
    },
    {
      "function": "cargo_list::example::prep::parse",
      "file": "src/lib.rs",
      "harnesses": []
    }
  ],
  "totals": {
    "standard-harnesses": 2,
    "contract-harnesses": 4,
    "functions-under-contract": 4
  }
}
