Status: SUCCESS
Description: "unreachable code"
Status: SUCCESS
Description: "This is a placeholder message; Kani doesn't support message formatted at runtime"
Status: SUCCESS
Description: "This is a placeholder message; Kani doesn't support message formatted at runtime"
Status: SUCCESS
Description: "unreachable code"
Status: SUCCESS
Description: "unreachable code"
Status: SUCCESS
Description: "cannot compute `size_of_val` for extern types"
Status: FAILURE
Description: "failed to compute `size_of_val`"
Status: SUCCESS
Description: "dereference failure: pointer NULL"
Status: SUCCESS
Description: "dereference failure: pointer invalid"
Status: SUCCESS
Description: "dereference failure: deallocated dynamic object"
Status: SUCCESS
Description: "dereference failure: dead object"
Status: SUCCESS
Description: "dereference failure: pointer outside object bounds"
Status: SUCCESS
Description: "dereference failure: invalid integer address"
Status: SUCCESS
Description: "dereference failure: pointer NULL"
Status: SUCCESS
Description: "dereference failure: pointer invalid"
Status: SUCCESS
Description: "dereference failure: deallocated dynamic object"
Status: SUCCESS
Description: "dereference failure: dead object"
Status: SUCCESS
Description: "dereference failure: pointer outside object bounds"
Status: SUCCESS
Description: "dereference failure: invalid integer address"
Status: SUCCESS
Description: "dereference failure: dead object"
Status: SUCCESS
Description: "dereference failure: dead object"
Failed Checks: failed to compute `size_of_val`
VERIFICATION:- FAILED
Status: SUCCESS
Description: "unreachable code"
Status: SUCCESS
Description: "cannot compute `size_of_val` for extern types"
Status: FAILURE
Description: "failed to compute `size_of_val`"
Status: SUCCESS
Description: "unreachable code"
Status: SUCCESS
Description: "This is a placeholder message; Kani doesn't support message formatted at runtime"
Status: SUCCESS
Description: "This is a placeholder message; Kani doesn't support message formatted at runtime"
Status: SUCCESS
Description: "attempt to compute `unchecked_add` which would overflow"
Status: UNREACHABLE
Description: "Expected unreachable"
Status: SUCCESS
Description: "unreachable code"
Status: UNREACHABLE
Description: "Expected unreachable"
Status: SUCCESS
Description: "dereference failure: pointer NULL"
Status: SUCCESS
Description: "dereference failure: pointer invalid"
Status: SUCCESS
Description: "dereference failure: deallocated dynamic object"
Status: SUCCESS
Description: "dereference failure: dead object"
Status: SUCCESS
Description: "dereference failure: pointer outside object bounds"
Status: SUCCESS
Description: "dereference failure: invalid integer address"
Status: SUCCESS
Description: "dereference failure: pointer NULL"
Status: SUCCESS
Description: "dereference failure: pointer invalid"
Status: SUCCESS
Description: "dereference failure: deallocated dynamic object"
Status: SUCCESS
Description: "dereference failure: dead object"
Status: SUCCESS
Description: "dereference failure: pointer outside object bounds"
Status: SUCCESS
Description: "dereference failure: invalid integer address"
Status: SUCCESS
Description: "dereference failure: dead object"
Status: SUCCESS
Description: "dereference failure: dead object"
Failed Checks: failed to compute `size_of_val`
VERIFICATION:- FAILED
