Status: SUCCESS
Description: "unwinding assertion loop 0"
Status: SUCCESS
Description: "ptr NULL or writable up to size"
Status: SUCCESS
Description: "CAR size is less than __CPROVER_max_malloc_size"
Status: SUCCESS
Description: "no offset bits overflow on CAR upper bound computation"
Status: SUCCESS
Description: "unwinding assertion loop 0"
Status: SUCCESS
Description: "misaligned pointer to reference cast: address must be a multiple of its type's alignment"
Status: SUCCESS
Description: "dereference failure: pointer invalid"
Status: SUCCESS
Description: "misaligned pointer to reference cast: address must be a multiple of its type's alignment"
Status: SUCCESS
Description: "dereference failure: pointer invalid"
Status: SUCCESS
Description: "unreachable code"
Status: SUCCESS
Description: "Offset value overflows isize"
Status: SUCCESS
Description: "internal error: entered unreachable code"
Status: SUCCESS
Description: "ptr NULL or writable up to size"
Status: SUCCESS
Description: "CAR size is less than __CPROVER_max_malloc_size"
Status: SUCCESS
Description: "no offset bits overflow on CAR upper bound computation"
Status: SUCCESS
Description: "Check that ptr is freeable"
Status: SUCCESS
Description: "attempt to add with overflow"
Status: SUCCESS
Description: "Kani does not support reasoning about pointer to unallocated memory"
Status: SUCCESS
Description: "Offset in bytes overflows isize"
Status: SUCCESS
Description: "Offset result and original pointer must point to the same allocation"
Status: UNREACHABLE
Description: "attempt to divide by zero"
Status: SUCCESS
Description: "attempt to divide by zero"
Status: UNREACHABLE
Description: "attempt to shift left with overflow"
Status: SUCCESS
Description: "misaligned pointer to reference cast: address must be a multiple of its type's alignment"
Status: SUCCESS
Description: "dereference failure: pointer invalid"
Status: SUCCESS
Description: "misaligned pointer to reference cast: address must be a multiple of its type's alignment"
Status: SUCCESS
Description: "dereference failure: pointer invalid"
Status: SUCCESS
Description: "assertion failed: 0 < pointee_size && pointee_size <= isize::MAX as usize"
Status: SUCCESS
Description: "Check invariant before entry for loop for_loop_for_map::forloop.0"
Status: SUCCESS
Description: "Check assigns clause inclusion for loop for_loop_for_map::forloop.0"
Status: SUCCESS
Description: "Check that i is assignable"
Status: SUCCESS
Description: "attempt to add with overflow"
Status: SUCCESS
Description: "Check that kani_index_16_5_18_6 is assignable"
Status: SUCCESS
Description: "attempt to add with overflow"
Status: SUCCESS
Description: "Check that sum is assignable"
Status: SUCCESS
Description: "Check invariant after step for loop for_loop_for_map::forloop.0"
Status: SUCCESS
Description: "Check step was unwound for loop for_loop_for_map::forloop.0"
Status: SUCCESS
Description: "Check step was unwound for loop for_loop_for_map::forloop.0"
Status: SUCCESS
Description: "assertion failed: sum <= 110"
Status: SUCCESS
Description: "Expected non-negative distance between pointers"
Status: SUCCESS
Description: "Cannot compute offset of a ZST"
Status: SUCCESS
Description: "Offset result and original pointer should point to the same allocation"
Status: SUCCESS
Description: "attempt to calculate the remainder with a divisor of zero"
Status: SUCCESS
Description: "attempt to calculate the remainder with overflow"
Status: SUCCESS
Description: "attempt to calculate the remainder with overflow"
Status: SUCCESS
Description: "attempt to calculate the remainder with a divisor of zero"
Status: SUCCESS
Status: SUCCESS
Description: "attempt to divide by zero"
Status: SUCCESS
Description: "attempt to divide with overflow"
Status: SUCCESS
Description: "attempt to divide with overflow"
Status: SUCCESS
Description: "attempt to divide by zero"
Status: UNREACHABLE
Description: "attempt to subtract with overflow"
Status: SUCCESS
Description: "This is a placeholder message; Kani doesn't support message formatted at runtime"
Status: SUCCESS
Description: "attempt to multiply with overflow"
Status: SUCCESS
Description: "misaligned pointer to reference cast: address must be a multiple of its type's alignment"
Status: SUCCESS
Description: "dereference failure: pointer invalid"
Status: SUCCESS
Description: "call to foreign "Rust" function `_RNvCscXdVywKbHIJ_7___rustc17rust_begin_unwind` is not currently supported by Kani. Please post your example at https://github.com/model-checking/kani/issues/new/choose"
Status: SUCCESS
Description: "caller_location is not currently supported by Kani. Please post your example at https://github.com/model-checking/kani/issues/374"
Status: SUCCESS
Description: "dereference failure: pointer NULL"
Status: SUCCESS
Description: "dereference failure: pointer invalid"
Status: SUCCESS
Description: "dereference failure: deallocated dynamic object"
Status: SUCCESS
Description: "dereference failure: dead object"
Status: SUCCESS
Description: "dereference failure: pointer outside object bounds"
Status: SUCCESS
Description: "dereference failure: invalid integer address"
Status: SUCCESS
Description: "dereference failure: dead object"
Status: SUCCESS
Description: "dereference failure: pointer NULL"
Status: SUCCESS
Description: "dereference failure: pointer invalid"
Status: SUCCESS
Description: "dereference failure: deallocated dynamic object"
Status: SUCCESS
Description: "dereference failure: dead object"
Status: SUCCESS
Description: "dereference failure: pointer outside object bounds"
Status: SUCCESS
Description: "dereference failure: invalid integer address"
Status: SUCCESS
Description: "index out of bounds: the length is less than or equal to the given index"
Status: SUCCESS
Description: "dereference failure: pointer NULL"
Status: SUCCESS
Description: "dereference failure: pointer invalid"
Status: SUCCESS
Description: "dereference failure: deallocated dynamic object"
Status: SUCCESS
Description: "dereference failure: dead object"
Status: SUCCESS
Description: "dereference failure: pointer outside object bounds"
Status: SUCCESS
Description: "dereference failure: invalid integer address"
Status: SUCCESS
Description: "dereference failure: pointer NULL"
Status: SUCCESS
Description: "dereference failure: pointer invalid"
Status: SUCCESS
Description: "dereference failure: deallocated dynamic object"
Status: SUCCESS
Description: "dereference failure: dead object"
Status: SUCCESS
Description: "dereference failure: pointer outside object bounds"
Status: SUCCESS
Description: "dereference failure: invalid integer address"
Status: SUCCESS
Description: "dereference failure: pointer NULL"
Status: SUCCESS
Description: "dereference failure: pointer invalid"
Status: SUCCESS
Description: "dereference failure: deallocated dynamic object"
Status: SUCCESS
Description: "dereference failure: dead object"
Status: SUCCESS
Description: "dereference failure: pointer outside object bounds"
Status: SUCCESS
Description: "dereference failure: invalid integer address"
Status: SUCCESS
Description: "free argument must be NULL or valid pointer"
Status: SUCCESS
Description: "free argument must be dynamic object"
Status: SUCCESS
Description: "free argument has offset zero"
Status: SUCCESS
Description: "double free"
Status: SUCCESS
Description: "free called for new[] object"
Status: SUCCESS
Description: "free called for stack-allocated object"
Status: SUCCESS
Description: "dereference failure: pointer NULL"
Status: SUCCESS
Description: "dereference failure: pointer invalid"
Status: SUCCESS
Description: "dereference failure: deallocated dynamic object"
Status: SUCCESS
Description: "dereference failure: dead object"
Status: SUCCESS
Description: "dereference failure: pointer outside object bounds"
Status: SUCCESS
Description: "dereference failure: invalid integer address"
Status: SUCCESS
Description: "dereference failure: pointer NULL"
Status: SUCCESS
Description: "dereference failure: pointer invalid"
Status: SUCCESS
Description: "dereference failure: deallocated dynamic object"
Status: SUCCESS
Description: "dereference failure: dead object"
Status: SUCCESS
Description: "dereference failure: pointer outside object bounds"
Status: SUCCESS
Description: "dereference failure: invalid integer address"
Status: SUCCESS
Description: "dereference failure: pointer NULL"
Status: SUCCESS
Description: "dereference failure: pointer invalid"
Status: SUCCESS
Description: "dereference failure: deallocated dynamic object"
Status: SUCCESS
Description: "dereference failure: dead object"
Status: SUCCESS
Description: "dereference failure: pointer outside object bounds"
Status: SUCCESS
Description: "dereference failure: invalid integer address"
Status: SUCCESS
Description: "dereference failure: pointer NULL"
Status: SUCCESS
Description: "dereference failure: pointer invalid"
Status: SUCCESS
Description: "dereference failure: deallocated dynamic object"
Status: SUCCESS
Description: "dereference failure: dead object"
Status: SUCCESS
Description: "dereference failure: pointer outside object bounds"
Status: SUCCESS
Description: "dereference failure: invalid integer address"
Status: SUCCESS
Description: "dereference failure: pointer NULL"
Status: SUCCESS
Description: "dereference failure: pointer invalid"
Status: SUCCESS
Description: "dereference failure: deallocated dynamic object"
Status: SUCCESS
Description: "dereference failure: dead object"
Status: SUCCESS
Description: "dereference failure: pointer outside object bounds"
Status: SUCCESS
Description: "dereference failure: invalid integer address"
Status: SUCCESS
Description: "dereference failure: pointer NULL"
Status: SUCCESS
Description: "dereference failure: pointer invalid"
Status: SUCCESS
Description: "dereference failure: deallocated dynamic object"
Status: SUCCESS
Description: "dereference failure: dead object"
Status: SUCCESS
Description: "dereference failure: pointer outside object bounds"
Status: SUCCESS
Description: "dereference failure: invalid integer address"
Status: SUCCESS
Description: "dereference failure: pointer NULL"
Status: SUCCESS
Description: "dereference failure: pointer invalid"
Status: SUCCESS
Description: "dereference failure: deallocated dynamic object"
Status: SUCCESS
Description: "dereference failure: dead object"
Status: SUCCESS
Description: "dereference failure: pointer outside object bounds"
Status: SUCCESS
Description: "dereference failure: invalid integer address"
Status: SUCCESS
Description: "dereference failure: pointer NULL"
Status: SUCCESS
Description: "dereference failure: pointer invalid"
Status: SUCCESS
Description: "dereference failure: deallocated dynamic object"
Status: SUCCESS
Description: "dereference failure: dead object"
Status: SUCCESS
Description: "dereference failure: pointer outside object bounds"
Status: SUCCESS
Description: "dereference failure: invalid integer address"
Status: SUCCESS
Description: "dereference failure: pointer NULL"
Status: SUCCESS
Description: "dereference failure: pointer invalid"
Status: SUCCESS
Description: "dereference failure: deallocated dynamic object"
Status: SUCCESS
Description: "dereference failure: dead object"
Status: SUCCESS
Description: "dereference failure: pointer outside object bounds"
Status: SUCCESS
Description: "dereference failure: invalid integer address"
Status: SUCCESS
Description: "division by zero"
Status: SUCCESS
Description: "division by zero"
Status: SUCCESS
Description: "dereference failure: pointer NULL"
Status: SUCCESS
Description: "dereference failure: pointer invalid"
Status: SUCCESS
Description: "dereference failure: deallocated dynamic object"
Status: SUCCESS
Description: "dereference failure: dead object"
Status: SUCCESS
Description: "dereference failure: pointer outside object bounds"
Status: SUCCESS
Description: "dereference failure: invalid integer address"
Status: SUCCESS
Description: "count leading zeros is undefined for value zero"
Status: SUCCESS
Description: "count leading zeros is undefined for value zero"
Status: SUCCESS
Description: "count leading zeros is undefined for value zero"
Status: SUCCESS
Description: "dereference failure: pointer NULL"
Status: SUCCESS
Description: "dereference failure: pointer invalid"
Status: SUCCESS
Description: "dereference failure: deallocated dynamic object"
Status: SUCCESS
Description: "dereference failure: dead object"
Status: SUCCESS
Description: "dereference failure: pointer outside object bounds"
Status: SUCCESS
Description: "dereference failure: invalid integer address"
Status: SUCCESS
Description: "dereference failure: pointer NULL"
Status: SUCCESS
Description: "dereference failure: pointer invalid"
Status: SUCCESS
Description: "dereference failure: deallocated dynamic object"
Status: SUCCESS
Description: "dereference failure: dead object"
Status: SUCCESS
Description: "dereference failure: pointer outside object bounds"
Status: SUCCESS
Description: "dereference failure: invalid integer address"
Status: SUCCESS
Description: "dereference failure: pointer NULL"
Status: SUCCESS
Description: "dereference failure: pointer invalid"
Status: SUCCESS
Description: "dereference failure: deallocated dynamic object"
Status: SUCCESS
Description: "dereference failure: dead object"
Status: SUCCESS
Description: "dereference failure: pointer outside object bounds"
Status: SUCCESS
Description: "dereference failure: invalid integer address"
Status: SUCCESS
Description: "dereference failure: pointer NULL"
Status: SUCCESS
Description: "dereference failure: pointer invalid"
Status: SUCCESS
Description: "dereference failure: deallocated dynamic object"
Status: SUCCESS
Description: "dereference failure: dead object"
Status: SUCCESS
Description: "dereference failure: pointer outside object bounds"
Status: SUCCESS
Description: "dereference failure: invalid integer address"
Status: SUCCESS
Description: "division by zero"
Status: SUCCESS
Description: "same object violation in this >= origin"
Status: SUCCESS
Description: "dereference failure: pointer NULL"
Status: SUCCESS
Description: "dereference failure: pointer invalid"
Status: SUCCESS
Description: "dereference failure: deallocated dynamic object"
Status: SUCCESS
Description: "dereference failure: dead object"
Status: SUCCESS
Description: "dereference failure: pointer outside object bounds"
Status: SUCCESS
Description: "dereference failure: invalid integer address"
Status: SUCCESS
Description: "dereference failure: pointer NULL"
Status: SUCCESS
Description: "dereference failure: pointer invalid"
Status: SUCCESS
Description: "dereference failure: deallocated dynamic object"
Status: SUCCESS
Description: "dereference failure: dead object"
Status: SUCCESS
Description: "dereference failure: pointer outside object bounds"
Status: SUCCESS
Description: "dereference failure: invalid integer address"
Status: SUCCESS
Description: "dereference failure: pointer NULL"
Status: SUCCESS
Description: "dereference failure: pointer invalid"
Status: SUCCESS
Description: "dereference failure: deallocated dynamic object"
Status: SUCCESS
Description: "dereference failure: dead object"
Status: SUCCESS
Description: "dereference failure: pointer outside object bounds"
Status: SUCCESS
Description: "dereference failure: invalid integer address"
Status: SUCCESS
Description: "dereference failure: pointer NULL"
Status: SUCCESS
Description: "dereference failure: pointer invalid"
Status: SUCCESS
Description: "dereference failure: deallocated dynamic object"
Status: SUCCESS
Description: "dereference failure: dead object"
Status: SUCCESS
Description: "dereference failure: pointer outside object bounds"
Status: SUCCESS
Description: "dereference failure: invalid integer address"
Status: SUCCESS
Description: "dereference failure: pointer NULL"
Status: SUCCESS
Description: "dereference failure: pointer invalid"
Status: SUCCESS
Description: "dereference failure: deallocated dynamic object"
Status: SUCCESS
Description: "dereference failure: dead object"
Status: SUCCESS
Description: "dereference failure: pointer outside object bounds"
Status: SUCCESS
Description: "dereference failure: invalid integer address"
Status: SUCCESS
Description: "dereference failure: pointer NULL"
Status: SUCCESS
Description: "dereference failure: pointer invalid"
Status: SUCCESS
Description: "dereference failure: deallocated dynamic object"
Status: SUCCESS
Description: "dereference failure: dead object"
Status: SUCCESS
Description: "dereference failure: pointer outside object bounds"
Status: SUCCESS
Description: "dereference failure: invalid integer address"
Status: SUCCESS
Description: "dereference failure: pointer NULL"
Status: SUCCESS
Description: "dereference failure: pointer invalid"
Status: SUCCESS
Description: "dereference failure: deallocated dynamic object"
Status: SUCCESS
Description: "dereference failure: dead object"
Status: SUCCESS
Description: "dereference failure: pointer outside object bounds"
Status: SUCCESS
Description: "dereference failure: invalid integer address"
Status: SUCCESS
Description: "dereference failure: pointer NULL"
Status: SUCCESS
Description: "dereference failure: pointer invalid"
Status: SUCCESS
Description: "dereference failure: deallocated dynamic object"
Status: SUCCESS
Description: "dereference failure: dead object"
Status: SUCCESS
Description: "dereference failure: pointer outside object bounds"
Status: SUCCESS
Description: "dereference failure: invalid integer address"
VERIFICATION:- SUCCESSFUL
