Checking harness adt_with_metadata::invalid_access::check_arbitrary_metadata...
VERIFICATION:- SUCCESSFUL
Checking harness adt_with_metadata::invalid_access::check_invalid_dyn_ptr...
Failed Checks: Kani does not support reasoning about pointer to unallocated memory
VERIFICATION:- FAILED
Checking harness adt_with_metadata::valid_access::check_arbitrary_metadata_is_sound...
VERIFICATION:- SUCCESSFUL
Checking harness adt_with_metadata::valid_access::check_valid_dyn_ptr...
VERIFICATION:- SUCCESSFUL
