Status: SUCCESS
Description: "`src` must be properly aligned"
Status: SUCCESS
Description: "`dst` must be properly aligned"
Status: SUCCESS
Description: "copy: attempt to compute number in bytes which would overflow"
Status: SUCCESS
Description: "misaligned pointer to reference cast: address must be a multiple of its type's alignment"
Status: SUCCESS
Description: "dereference failure: pointer invalid"
Status: SUCCESS
Description: "attempt to multiply with overflow"
Status: SUCCESS
Description: "attempt to add with overflow"
Status: SUCCESS
Description: "misaligned pointer to reference cast: address must be a multiple of its type's alignment"
Status: SUCCESS
Description: "dereference failure: pointer invalid"
Status: SUCCESS
Description: "attempt to add with overflow"
Status: SUCCESS
Description: "attempt to subtract with overflow"
Status: SUCCESS
Description: "index out of bounds: the length is less than or equal to the given index"
Status: UNREACHABLE
Description: "attempt to multiply with overflow"
Status: UNREACHABLE
Description: "attempt to add with overflow"
Status: UNREACHABLE
Description: "attempt to subtract with overflow"
Status: UNREACHABLE
Description: "attempt to calculate the remainder with a divisor of zero"
Status: SUCCESS
Description: "attempt to calculate the remainder with a divisor of zero"
Status: UNREACHABLE
Description: "index out of bounds: the length is less than or equal to the given index"
Status: SUCCESS
Description: "attempt to add with overflow"
Status: SUCCESS
Description: "attempt to subtract with overflow"
Status: SUCCESS
Description: "index out of bounds: the length is less than or equal to the given index"
Status: SUCCESS
Description: "attempt to add with overflow"
Status: SUCCESS
Description: "attempt to subtract with overflow"
Status: SUCCESS
Description: "index out of bounds: the length is less than or equal to the given index"
Status: SUCCESS
Description: "attempt to multiply with overflow"
Status: SUCCESS
Description: "attempt to add with overflow"
Status: SUCCESS
Description: "attempt to subtract with overflow"
Status: SUCCESS
Description: "attempt to add with overflow"
Status: SUCCESS
Description: "misaligned pointer to reference cast: address must be a multiple of its type's alignment"
Status: SUCCESS
Description: "dereference failure: pointer invalid"
Status: SUCCESS
Description: "misaligned pointer to reference cast: address must be a multiple of its type's alignment"
Status: SUCCESS
Description: "dereference failure: pointer invalid"
Status: SUCCESS
Description: "call to foreign "Rust" function `_RNvCscXdVywKbHIJ_7___rustc17rust_begin_unwind` is not currently supported by Kani. Please post your example at https://github.com/model-checking/kani/issues/new/choose"
Status: SUCCESS
Description: "misaligned pointer to reference cast: address must be a multiple of its type's alignment"
Status: SUCCESS
Description: "dereference failure: pointer invalid"
Status: UNREACHABLE
Description: "attempt to subtract with overflow"
Status: SUCCESS
Description: "This is a placeholder message; Kani doesn't support message formatted at runtime"
Status: UNREACHABLE
Description: "attempt to shift left with overflow"
Status: FAILURE
Description: "Undefined Behavior: Reading from an uninitialized pointer of type `*const u64`"
Status: SUCCESS
Description: "misaligned pointer to reference cast: address must be a multiple of its type's alignment"
Status: SUCCESS
Description: "dereference failure: pointer invalid"
Status: FAILURE
Description: "Undefined Behavior: Reading from an uninitialized pointer of type `u64`"
Status: SUCCESS
Description: "Kani does not support reasoning about memory initialization of intrinsic `Unimplemented { name: "caller_location", issue_link: "https://github.com/model-checking/kani/issues/374" }`."
Status: SUCCESS
Description: "caller_location is not currently supported by Kani. Please post your example at https://github.com/model-checking/kani/issues/374"
Status: SUCCESS
Description: "misaligned pointer to reference cast: address must be a multiple of its type's alignment"
Status: SUCCESS
Description: "dereference failure: pointer invalid"
Status: SUCCESS
Description: "dereference failure: pointer NULL"
Status: SUCCESS
Description: "dereference failure: pointer invalid"
Status: SUCCESS
Description: "dereference failure: deallocated dynamic object"
Status: SUCCESS
Description: "dereference failure: dead object"
Status: SUCCESS
Description: "dereference failure: pointer outside object bounds"
Status: SUCCESS
Description: "dereference failure: invalid integer address"
Status: SUCCESS
Description: "index out of bounds: the length is less than or equal to the given index"
Status: SUCCESS
Description: "index out of bounds: the length is less than or equal to the given index"
Status: SUCCESS
Description: "index out of bounds: the length is less than or equal to the given index"
Status: SUCCESS
Description: "index out of bounds: the length is less than or equal to the given index"
Status: SUCCESS
Description: "dereference failure: pointer NULL"
Status: SUCCESS
Description: "dereference failure: pointer invalid"
Status: SUCCESS
Description: "dereference failure: deallocated dynamic object"
Status: SUCCESS
Description: "dereference failure: dead object"
Status: SUCCESS
Description: "dereference failure: pointer outside object bounds"
Status: SUCCESS
Description: "dereference failure: invalid integer address"
Status: SUCCESS
Description: "memmove source region readable"
Status: SUCCESS
Description: "memmove destination region writeable"
Failed Checks: Undefined Behavior: Reading from an uninitialized pointer of type `*const u64`
Failed Checks: Undefined Behavior: Reading from an uninitialized pointer of type `u64`
VERIFICATION:- FAILED
