Checking harness stubbing::check_indirect_all_identity...
SAT checker: instance is UNSATISFIABLE
Status: SUCCESS
Description: "unreachable code"
Status: SUCCESS
Description: "This is a placeholder message; Kani doesn't support message formatted at runtime"
Status: SUCCESS
Description: "This is a placeholder message; Kani doesn't support message formatted at runtime"
Status: SUCCESS
Description: "dereference failure: dead object"
Status: SUCCESS
Description: "dereference failure: pointer NULL"
Status: SUCCESS
Description: "dereference failure: pointer invalid"
Status: SUCCESS
Description: "dereference failure: deallocated dynamic object"
Status: SUCCESS
Description: "dereference failure: dead object"
Status: SUCCESS
Description: "dereference failure: pointer outside object bounds"
Status: SUCCESS
Description: "dereference failure: invalid integer address"
Status: SUCCESS
Description: "dereference failure: pointer NULL"
Status: SUCCESS
Description: "dereference failure: pointer invalid"
Status: SUCCESS
Description: "dereference failure: deallocated dynamic object"
Status: SUCCESS
Description: "dereference failure: dead object"
Status: SUCCESS
Description: "dereference failure: pointer outside object bounds"
Status: SUCCESS
Description: "dereference failure: invalid integer address"
Status: SUCCESS
Description: "dereference failure: pointer NULL"
Status: SUCCESS
Description: "dereference failure: pointer invalid"
Status: SUCCESS
Description: "dereference failure: deallocated dynamic object"
Status: SUCCESS
Description: "dereference failure: dead object"
Status: SUCCESS
Description: "dereference failure: pointer outside object bounds"
Status: SUCCESS
Description: "dereference failure: invalid integer address"
Status: SUCCESS
Description: "dereference failure: pointer NULL"
Status: SUCCESS
Description: "dereference failure: pointer invalid"
Status: SUCCESS
Description: "dereference failure: deallocated dynamic object"
Status: SUCCESS
Description: "dereference failure: dead object"
Status: SUCCESS
Description: "dereference failure: pointer outside object bounds"
Status: SUCCESS
Description: "dereference failure: invalid integer address"
Status: SUCCESS
Description: "dereference failure: dead object"
Status: SUCCESS
Description: "dereference failure: dead object"
VERIFICATION:- SUCCESSFUL
Checking harness stubbing::check_all_identity_2...
SAT checker: instance is UNSATISFIABLE
Status: SUCCESS
Description: "unreachable code"
Status: SUCCESS
Description: "This is a placeholder message; Kani doesn't support message formatted at runtime"
Status: SUCCESS
Description: "This is a placeholder message; Kani doesn't support message formatted at runtime"
Status: SUCCESS
Description: "dereference failure: pointer NULL"
Status: SUCCESS
Description: "dereference failure: pointer invalid"
Status: SUCCESS
Description: "dereference failure: deallocated dynamic object"
Status: SUCCESS
Description: "dereference failure: dead object"
Status: SUCCESS
Description: "dereference failure: pointer outside object bounds"
Status: SUCCESS
Description: "dereference failure: invalid integer address"
Status: SUCCESS
Description: "dereference failure: pointer NULL"
Status: SUCCESS
Description: "dereference failure: pointer invalid"
Status: SUCCESS
Description: "dereference failure: deallocated dynamic object"
Status: SUCCESS
Description: "dereference failure: dead object"
Status: SUCCESS
Description: "dereference failure: pointer outside object bounds"
Status: SUCCESS
Description: "dereference failure: invalid integer address"
Status: SUCCESS
Description: "dereference failure: pointer NULL"
Status: SUCCESS
Description: "dereference failure: pointer invalid"
Status: SUCCESS
Description: "dereference failure: deallocated dynamic object"
Status: SUCCESS
Description: "dereference failure: dead object"
Status: SUCCESS
Description: "dereference failure: pointer outside object bounds"
Status: SUCCESS
Description: "dereference failure: invalid integer address"
Status: SUCCESS
Description: "dereference failure: pointer NULL"
Status: SUCCESS
Description: "dereference failure: pointer invalid"
Status: SUCCESS
Description: "dereference failure: deallocated dynamic object"
Status: SUCCESS
Description: "dereference failure: dead object"
Status: SUCCESS
Description: "dereference failure: pointer outside object bounds"
Status: SUCCESS
Description: "dereference failure: invalid integer address"
Status: SUCCESS
Description: "dereference failure: dead object"
Status: SUCCESS
Description: "dereference failure: dead object"
Status: SUCCESS
Description: "dereference failure: dead object"
VERIFICATION:- SUCCESSFUL
Checking harness stubbing::check_all_identity...
SAT checker: instance is UNSATISFIABLE
Status: SUCCESS
Description: "unreachable code"
Status: SUCCESS
Description: "This is a placeholder message; Kani doesn't support message formatted at runtime"
Status: SUCCESS
Description: "This is a placeholder message; Kani doesn't support message formatted at runtime"
Status: SUCCESS
Description: "dereference failure: dead object"
Status: SUCCESS
Description: "dereference failure: pointer NULL"
Status: SUCCESS
Description: "dereference failure: pointer invalid"
Status: SUCCESS
Description: "dereference failure: deallocated dynamic object"
Status: SUCCESS
Description: "dereference failure: dead object"
Status: SUCCESS
Description: "dereference failure: pointer outside object bounds"
Status: SUCCESS
Description: "dereference failure: invalid integer address"
Status: SUCCESS
Description: "dereference failure: pointer NULL"
Status: SUCCESS
Description: "dereference failure: pointer invalid"
Status: SUCCESS
Description: "dereference failure: deallocated dynamic object"
Status: SUCCESS
Description: "dereference failure: dead object"
Status: SUCCESS
Description: "dereference failure: pointer outside object bounds"
Status: SUCCESS
Description: "dereference failure: invalid integer address"
Status: SUCCESS
Description: "dereference failure: dead object"
VERIFICATION:- SUCCESSFUL
Checking harness stubbing::check_decrement_is_increment...
SAT checker: instance is UNSATISFIABLE
Status: SUCCESS
Description: "attempt to add with overflow"
Status: SUCCESS
Description: "unreachable code"
Status: SUCCESS
Description: "This is a placeholder message; Kani doesn't support message formatted at runtime"
Status: SUCCESS
Description: "This is a placeholder message; Kani doesn't support message formatted at runtime"
Status: SUCCESS
Description: "dereference failure: pointer NULL"
Status: SUCCESS
Description: "dereference failure: pointer invalid"
Status: SUCCESS
Description: "dereference failure: deallocated dynamic object"
Status: SUCCESS
Description: "dereference failure: dead object"
Status: SUCCESS
Description: "dereference failure: pointer outside object bounds"
Status: SUCCESS
Description: "dereference failure: invalid integer address"
Status: SUCCESS
Description: "dereference failure: pointer NULL"
Status: SUCCESS
Description: "dereference failure: pointer invalid"
Status: SUCCESS
Description: "dereference failure: deallocated dynamic object"
Status: SUCCESS
Description: "dereference failure: dead object"
Status: SUCCESS
Description: "dereference failure: pointer outside object bounds"
Status: SUCCESS
Description: "dereference failure: invalid integer address"
Status: SUCCESS
Description: "dereference failure: dead object"
Status: SUCCESS
Description: "dereference failure: dead object"
VERIFICATION:- SUCCESSFUL
Checking harness stubbing::check_decrement...
SAT checker: instance is UNSATISFIABLE
Status: SUCCESS
Description: "unreachable code"
Status: SUCCESS
Description: "This is a placeholder message; Kani doesn't support message formatted at runtime"
Status: SUCCESS
Description: "This is a placeholder message; Kani doesn't support message formatted at runtime"
Status: SUCCESS
Description: "attempt to subtract with overflow"
Status: SUCCESS
Description: "dereference failure: pointer NULL"
Status: SUCCESS
Description: "dereference failure: pointer invalid"
Status: SUCCESS
Description: "dereference failure: deallocated dynamic object"
Status: SUCCESS
Description: "dereference failure: dead object"
Status: SUCCESS
Description: "dereference failure: pointer outside object bounds"
Status: SUCCESS
Description: "dereference failure: invalid integer address"
Status: SUCCESS
Description: "dereference failure: pointer NULL"
Status: SUCCESS
Description: "dereference failure: pointer invalid"
Status: SUCCESS
Description: "dereference failure: deallocated dynamic object"
Status: SUCCESS
Description: "dereference failure: dead object"
Status: SUCCESS
Description: "dereference failure: pointer outside object bounds"
Status: SUCCESS
Description: "dereference failure: invalid integer address"
Status: SUCCESS
Description: "dereference failure: dead object"
Status: SUCCESS
Description: "dereference failure: dead object"
VERIFICATION:- SUCCESSFUL
Checking harness stubbing::check_identity...
SAT checker: instance is UNSATISFIABLE
Status: SUCCESS
Description: "unreachable code"
Status: SUCCESS
Description: "This is a placeholder message; Kani doesn't support message formatted at runtime"
Status: SUCCESS
Description: "This is a placeholder message; Kani doesn't support message formatted at runtime"
Status: SUCCESS
Description: "dereference failure: dead object"
Status: SUCCESS
Description: "dereference failure: pointer NULL"
Status: SUCCESS
Description: "dereference failure: pointer invalid"
Status: SUCCESS
Description: "dereference failure: deallocated dynamic object"
Status: SUCCESS
Description: "dereference failure: dead object"
Status: SUCCESS
Description: "dereference failure: pointer outside object bounds"
Status: SUCCESS
Description: "dereference failure: invalid integer address"
Status: SUCCESS
Description: "dereference failure: pointer NULL"
Status: SUCCESS
Description: "dereference failure: pointer invalid"
Status: SUCCESS
Description: "dereference failure: deallocated dynamic object"
Status: SUCCESS
Description: "dereference failure: dead object"
Status: SUCCESS
Description: "dereference failure: pointer outside object bounds"
Status: SUCCESS
Description: "dereference failure: invalid integer address"
Status: SUCCESS
Description: "dereference failure: dead object"
VERIFICATION:- SUCCESSFUL
