Checking harness verify_core::mem::verify::check_replace_large_adt_no_drop...
VERIFICATION:- SUCCESSFUL
Checking harness verify_core::mem::verify::check_replace_adt_no_drop...
VERIFICATION:- SUCCESSFUL
Checking harness verify_core::mem::verify::check_replace_primitive...
VERIFICATION:- SUCCESSFUL
Checking harness verify_core::mem::verify::check_swap_large_adt_no_drop...
VERIFICATION:- SUCCESSFUL
Checking harness verify_core::mem::verify::check_swap_adt_no_drop...
VERIFICATION:- SUCCESSFUL
Checking harness verify_core::mem::verify::check_swap_unit...
VERIFICATION:- SUCCESSFUL
Checking harness verify_core::mem::verify::check_swap_primitive...
VERIFICATION:- SUCCESSFUL
Complete - 7 successfully verified harnesses, 0 failures, 7 total.
