Checking harness verify_core::ptr::verify::check_replace_char...
VERIFICATION:- SUCCESSFUL
Checking harness verify_core::ptr::verify::check_replace_unit...
VERIFICATION:- FAILED
Checking harness verify_core::ptr::verify::check_as_ref_dangling...
VERIFICATION:- FAILED (encountered failures other than panics, which were unexpected)
Checking harness verify_core::ptr::verify::check_as_ref...
VERIFICATION:- SUCCESSFUL
Checking harness verify_core::ptr::verify::check_new_unchecked...
VERIFICATION:- SUCCESSFUL
Checking harness verify_core::ptr::verify::check_new...
VERIFICATION:- SUCCESSFUL
Verification failed for - verify_core::ptr::verify::check_replace_unit
Verification failed for - verify_core::ptr::verify::check_as_ref_dangling
Complete - 4 successfully verified harnesses, 2 failures, 6 total.
